Script started on Mon Mar 22 00:45:03 2021

The default interactive shell is now zsh.
To update your account to use zsh, please run `chsh -s /bin/zsh`.
For more details, please visit https://support.apple.com/kb/HT208050.
[?1034hbash-3.2$ cd des[K[K[K[K[K[Kpwd
/Users/haitham
bash-3.2$ cd desktop/svn-work
bash-3.2$ nano HelloWorld.java
[?1049h[1;24r(B[m[4l[?7h[?12l[?25h[?1h=[?1h=[?1h=[39;49m[39;49m(B[m[H[2J(B[0;7m  GNU nano 2.0.6            File: HelloWorld.java                               [3;1H(B[mpublic class HelloWorld{[5;9Hpublic static void main (String [] args) {[7;17HSystem.out.println("Hello World");[9d}[10d}[22;33H(B[0;7m[ Read 8 lines ][23d^G(B[m Get Help  (B[0;7m^O(B[m WriteOut  (B[0;7m^R(B[m Read File (B[0;7m^Y(B[m Prev Page (B[0;7m^K(B[m Cut Text  (B[0;7m^C(B[m Cur Pos[24d(B[0;7m^X(B[m Exit[14G(B[0;7m^J(B[m Justify   (B[0;7m^W(B[m Where Is  (B[0;7m^V(B[m Next Page (B[0;7m^U(B[m UnCut Text(B[0;7m^T(B[m To Spell[3d[4d[5d[6d[7d[8d[1;71H(B[0;7mModified[8d(B[m[8;9H[8;17H[22d[K[8;17HSystem.out.println("Today's date is March 21, 2019");[22d(B[0;7mSave modified buffer (ANSWERING "No" WILL DESTROY CHANGES) ?                    [23;1H Y(B[m Yes[K[24d(B[0;7m N(B[m No  [14G   (B[0;7m^C(B[m Cancel[K[22;62H(B[0;7mFile Name to Write: HelloWorld.java                         [23d^G(B[m Get Help[23;21H(B[0;7m^T(B[m To Files[23;41H(B[0;7mM-M(B[m Mac Format[61G(B[0;7mM-P(B[m Prepend[24d(B[0;7m^C(B[m Cancel[17G    (B[0;7mM-D(B[m DOS Format[41G(B[0;7mM-A(B[m Append[24;61H(B[0;7mM-B(B[m Backup File[22;36H[23d[39;49m(B[m[J[1;71H(B[0;7m        [22;31H(B[m[1K (B[0;7m[ Wrote 8 lines ](B[m[K[24;80H[24;1H[?1049l[?1l>bash-3.2$ sudo [K[K[K[K[Kmkdir -p re[K[K[K[K[K[K repos
bash-3.2$ svnadmin create /[Kdesktop/svn-work/repos/re[K[KRepo2
svnadmin: E000002: Repository creation failed
svnadmin: E000002: Could not create top-level directory
svnadmin: E000002: Can't create directory 'desktop/svn-work/repos/Repo2': No such file or directory
bash-3.2$ svn [Kadmin create svn-work/repos/Repo2
svnadmin: E000002: Repository creation failed
svnadmin: E000002: Could not create top-level directory
svnadmin: E000002: Can't create directory 'svn-work/repos/Repo2': No such file or directory
bash-3.2$ svnadmin create /svn-work/repos/Repo2
svnadmin: E000002: Repository creation failed
svnadmin: E000002: Could not create top-level directory
svnadmin: E000002: Can't create directory '/svn-work/repos/Repo2': No such file or directory
bash-3.2$ svn a[K[K[K[K[Ksvnadmin create --fs [K-type fsfs Repo2
bash-3.2$ sudo svnserv -d -r Repo2
Password:
sudo: svnserv: command not found
bash-3.2$ svn [Kserve -d -r Repo2
bash-3.2$ Peach200
bash: Peach200: command not found
bash-3.2$ pwd
/Users/haitham/desktop/svn-work
bash-3.2$ svn import helloWorld;2D;2D[K[K[K[K[K[K[K[K[K[K[K[K[K[K[K[K[K[K[K[K[K[K[K[K[K[K[Kifconfig
lo0: flags=8049<UP,LOOPBACK,RUNNING,MULTICAST> mtu 16384
	options=1203<RXCSUM,TXCSUM,TXSTATUS,SW_TIMESTAMP>
	inet 127.0.0.1 netmask 0xff000000 
	inet6 ::1 prefixlen 128 
	inet6 fe80::1%lo0 prefixlen 64 scopeid 0x1 
	nd6 options=201<PERFORMNUD,DAD>
gif0: flags=8010<POINTOPOINT,MULTICAST> mtu 1280
stf0: flags=0<> mtu 1280
en0: flags=8863<UP,BROADCAST,SMART,RUNNING,SIMPLEX,MULTICAST> mtu 1500
	options=400<CHANNEL_IO>
	ether d0:e1:40:91:40:70 
	inet6 fe80::81e:4941:15ca:423b%en0 prefixlen 64 secured scopeid 0x4 
	inet 192.168.1.155 netmask 0xffffff00 broadcast 192.168.1.255
	nd6 options=201<PERFORMNUD,DAD>
	media: autoselect
	status: active
en1: flags=8963<UP,BROADCAST,SMART,RUNNING,PROMISC,SIMPLEX,MULTICAST> mtu 1500
	options=460<TSO4,TSO6,CHANNEL_IO>
	ether 82:0d:6e:0a:80:00 
	media: autoselect <full-duplex>
	status: inactive
bridge0: flags=8863<UP,BROADCAST,SMART,RUNNING,SIMPLEX,MULTICAST> mtu 1500
	options=63<RXCSUM,TXCSUM,TSO4,TSO6>
	ether 82:0d:6e:0a:80:00 
	Configuration:
		id 0:0:0:0:0:0 priority 0 hellotime 0 fwddelay 0
		maxage 0 holdcnt 0 proto stp maxaddr 100 timeout 1200
		root id 0:0:0:0:0:0 priority 0 ifcost 0 port 0
		ipfilter disabled flags 0x0
	member: en1 flags=3<LEARNING,DISCOVER>
	        ifmaxaddr 0 port 5 priority 0 path cost 0
	nd6 options=201<PERFORMNUD,DAD>
	media: <unknown type>
	status: inactive
p2p0: flags=8843<UP,BROADCAST,RUNNING,SIMPLEX,MULTICAST> mtu 2304
	options=400<CHANNEL_IO>
	ether 02:e1:40:91:40:70 
	media: autoselect
	status: inactive
awdl0: flags=8943<UP,BROADCAST,RUNNING,PROMISC,SIMPLEX,MULTICAST> mtu 1484
	options=400<CHANNEL_IO>
	ether a2:5c:69:e3:1b:21 
	inet6 fe80::a05c:69ff:fee3:1b21%awdl0 prefixlen 64 scopeid 0x8 
	nd6 options=201<PERFORMNUD,DAD>
	media: autoselect
	status: active
llw0: flags=8863<UP,BROADCAST,SMART,RUNNING,SIMPLEX,MULTICAST> mtu 1500
	options=400<CHANNEL_IO>
	ether a2:5c:69:e3:1b:21 
	inet6 fe80::a05c:69ff:fee3:1b21%llw0 prefixlen 64 scopeid 0x9 
	nd6 options=201<PERFORMNUD,DAD>
	media: autoselect
	status: active
utun0: flags=8051<UP,POINTOPOINT,RUNNING,MULTICAST> mtu 1380
	inet6 fe80::2e6b:d67b:4f95:3279%utun0 prefixlen 64 scopeid 0xa 
	nd6 options=201<PERFORMNUD,DAD>
utun1: flags=8051<UP,POINTOPOINT,RUNNING,MULTICAST> mtu 2000
	inet6 fe80::6a4f:7733:22e9:8971%utun1 prefixlen 64 scopeid 0xb 
	nd6 options=201<PERFORMNUD,DAD>
utun2: flags=8051<UP,POINTOPOINT,RUNNING,MULTICAST> mtu 1380
	inet6 fe80::d984:ff66:3bc0:c775%utun2 prefixlen 64 scopeid 0xc 
	nd6 options=201<PERFORMNUD,DAD>
bash-3.2$ svn import HelloWorld/ svn://127.0.0.1/Repo2
svn: E205007: Could not use external editor to fetch log message; consider setting the $SVN_EDITOR environment variable or using the --message (-m) or --file (-F) options
svn: E205007: None of the environment variables SVN_EDITOR, VISUAL or EDITOR are set, and no 'editor-cmd' run-time configuration option was found
bash-3.2$ svn import HelloWorld.java/ Svn://127.0.0.1/Repo2
svn: E205007: Could not use external editor to fetch log message; consider setting the $SVN_EDITOR environment variable or using the --message (-m) or --file (-F) options
svn: E205007: None of the environment variables SVN_EDITOR, VISUAL or EDITOR are set, and no 'editor-cmd' run-time configuration option was found
bash-3.2$ svn import HelloWorld.java/ Svn://127.0.0.1/Repo2[1Pvn://127.0.0.1/Repo2svn://127.0.0.1/Repo2
svn: E205007: Could not use external editor to fetch log message; consider setting the $SVN_EDITOR environment variable or using the --message (-m) or --file (-F) options
svn: E205007: None of the environment variables SVN_EDITOR, VISUAL or EDITOR are set, and no 'editor-cmd' run-time configuration option was found
bash-3.2$ sudo vi /svn/repo[K[K[K[KRepo2/HelloWorld.java./[K[K/conf/svnserve.conf
Password:
dyld: Library not loaded: /usr/local/opt/ruby/lib/libruby.2.7.dylib
  Referenced from: /usr/local/bin/vi
  Reason: image not found
Abort trap: 6
bash-3.2$ sudo vi /svn/Repo2/HelloWorld/conf/svnserve.conf
dyld: Library not loaded: /usr/local/opt/ruby/lib/libruby.2.7.dylib
  Referenced from: /usr/local/bin/vi
  Reason: image not found
Abort trap: 6
bash-3.2$ sudo vi /svn/Repo2
dyld: Library not loaded: /usr/local/opt/ruby/lib/libruby.2.7.dylib
  Referenced from: /usr/local/bin/vi
  Reason: image not found
Abort trap: 6
bash-3.2$ sudo vi /svn/Repo2/conf/svnserve.conf
dyld: Library not loaded: /usr/local/opt/ruby/lib/libruby.2.7.dylib
  Referenced from: /usr/local/bin/vi
  Reason: image not found
Abort trap: 6
bash-3.2$ 